// Jest Snapshot v1, https://goo.gl/fbAQLP

exports[`buildAllLinks build links 1-3 1`] = `
Array [
  Object {
    "fromNum": 1,
    "status": "valid",
    "toNum": 2,
  },
  Object {
    "fromNum": 1,
    "status": "valid",
    "toNum": 3,
  },
  Object {
    "fromNum": 1,
    "status": "valid",
    "toNum": 4,
  },
  Object {
    "fromNum": 1,
    "status": "valid",
    "toNum": 8,
  },
  Object {
    "fromNum": 2,
    "status": "valid",
    "toNum": 5,
  },
  Object {
    "fromNum": 2,
    "status": "valid",
    "toNum": 10,
  },
  Object {
    "fromNum": 3,
    "status": "valid",
    "toNum": 5,
  },
]
`;
