// Jest Snapshot v1, https://goo.gl/fbAQLP

exports[`parse BackDescription parse BackDescription card 3 1`] = `
"\\\\n\\\\n
    L\\\\u2019utilisation du b\\\\u00e2timent (logement et services) utilise des\\\\n\\\\u00e9nergies fossiles et de
      l'\\\\u00e9lectricit\\\\u00e9. Cela repr\\\\u00e9sente 20%\\\\ndes Gaz \\\\u00e0 Effet de Serre (GES).\\\\n\\\\n"
`;
