// Jest Snapshot v1, https://goo.gl/fbAQLP

exports[`readCard read carte_9 1`] = `
Object {
  "cardBatch": 2,
  "cardId": 26,
  "cardNum": 9,
  "causes": Array [
    "/wiki/index.php?title=Fr-fr_adulte_carte_8_agriculture",
    "/wiki/index.php?title=Fr-fr_adulte_carte_41_permafrost",
    "/wiki/index.php?title=Fr-fr_adulte_carte_42_hydrates_de_m%C3%A9thane",
  ],
  "consequences": Array [
    "/wiki/index.php?title=Fr-fr_adulte_carte_13_effet_de_serre_additionnel",
  ],
  "shortTitle": "Autres GES",
  "title": "Fr-fr adulte carte 9 autres ges",
  "url": "/wiki/index.php?title=Fr-fr_adulte_carte_9_autres_ges",
}
`;

exports[`readCard read carte_14 1`] = `
Object {
  "cardBatch": 3,
  "cardId": 36,
  "cardNum": 14,
  "causes": Array [
    "/wiki/index.php?title=Fr-fr_adulte_carte_15_for%C3%A7age_radiatif",
  ],
  "consequences": Array [
    "/wiki/index.php?title=Fr-fr_adulte_carte_16_fonte_des_glaciers",
    "/wiki/index.php?title=Fr-fr_adulte_carte_17_hausse_temp%C3%A9rature_eau",
    "/wiki/index.php?title=Fr-fr_adulte_carte_18_fonte_de_la_banquise",
    "/wiki/index.php?title=Fr-fr_adulte_carte_19_fonte_des_calottes_glaciaires",
    "/wiki/index.php?title=Fr-fr_adulte_carte_21_hausse_temp%C3%A9rature",
  ],
  "shortTitle": "Budget énergétique",
  "title": "Fr-fr adulte carte 14 bilan énergétique",
  "url": "/wiki/index.php?title=Fr-fr_adulte_carte_14_bilan_%C3%A9nerg%C3%A9tique",
}
`;
